[17828.12352] Mounting new image.
Wim:         [E:\Recovery\Windowsre\winre.wim]
Image Index: [1]
Mount Guid:  [77e2da45-e2ad-4ea4-8563-7d05e0b3f3ce]
Mount Path:  [C:\Users\katka\AppData\Local\Temp\SetupRST_RecoveryImage]
[17828.12352] Wimserv process started for mount guid 77e2da45-e2ad-4ea4-8563-7d05e0b3f3ce; PID is 3148
[3148.6656] Registered log file(s) for mount of wim at E:\Recovery\Windowsre\winre.wim.
[3148.6656] Mount complete.
2024-05-12 01:35:06, Warning               DISM   DISM Driver Manager: PID=6980 TID=14920 Failed to find the INF package in the driver store (hr = 0x80070490); falling back to INF file name - CDriverPackage::InitPublishedInfName
[17828.13100] [0xc144012f] 
[17828.13100] [0xc144012f] 
[17828.13100] [0xc144012f] 
[17828.13100] [0xc144012f] 
[17828.13100] [0xc144012f] 
[17828.13100] [0xc144012f] 
[17828.13100] [0xc144012f] 
[17828.13100] [0xc144012f] 
[3148.6656] Received unmount request.
[3148.6656] Unmount complete.
[3148.12636] Wimserv exiting per terminate event.
[3148.12636] Wimserv stopped.
